main.c:245:5:main	72	static
main.c:362:6:SystemClock_Config	88	static
main.c:424:13:MX_ADC2_Init	24	static
main.c:461:13:MX_I2C1_Init	8	static
main.c:481:13:MX_TIM2_Init	48	static
main.c:528:13:MX_TIM3_Init	64	static
main.c:577:13:MX_TIM4_Init	32	static
main.c:609:13:MX_TIM13_Init	40	static
main.c:643:13:MX_USART1_UART_Init	8	static
main.c:668:13:MX_GPIO_Init	48	static
main.c:731:6:HAL_UART_RxCpltCallback	16	static
main.c:736:6:HAL_UART_TxCpltCallback	16	static
main.c:741:6:HAL_UART_ErrorCallback	16	static
main.c:751:6:HAL_TIM_PeriodElapsedCallback	16	static
main.c:770:6:HAL_TIM_IC_CaptureCallback	24	static
main.c:805:6:initMotorDriver	8	static
main.c:816:6:HAL_TIM_PWM_PulseFinishedCallback	16	static
main.c:824:6:HAL_I2C_MasterRxCpltCallback	16	static
main.c:832:6:HAL_I2C_MemRxCpltCallback	16	static
main.c:842:6:HAL_I2C_ErrorCallback	16	static
main.c:849:6:setpoint_func	16	static
main.c:901:6:controller	16	static
main.c:987:7:IIRFilter	24	static
main.c:992:6:init_IIR_Filter	4	static
main.c:999:6:init_SpeedEstimation	4	static
main.c:1005:6:initMPU6500	16	static
main.c:1019:6:i2cScanner	120	static
main.c:1042:6:getMotionSensorData	24	static
main.c:1122:6:mpuCalibration	4	static
main.c:1176:6:_Error_Handler	16	static
